// Jest Snapshot v1, https://goo.gl/fbAQLP

exports[`renders learn react link 1`] = `
<div>
  <div
    class="App"
  >
    Hello, Welcome To email Client
  </div>
</div>
`;
